// Jest Snapshot v1, https://goo.gl/fbAQLP

exports[`AppContainer Component is rendered properly 1`] = `
<div
  className="normal"
>
  <p />
  <div />
</div>
`;
